Component: ARM Compiler 5.05 update 2 (build 169) Tool: armlink [4d0f33]

==============================================================================

Section Cross References

    gl.o(i.LCD_Circle) refers to gl.o(i.LCD_PutPixel) for LCD_PutPixel
    gl.o(i.LCD_Line) refers to gl.o(i.LCD_PutPixel) for LCD_PutPixel
    gl.o(i.LCD_PutPixel) refers to lcd.o(i.SetCrystal) for SetCrystal
    gl.o(i.LCD_PutPixel) refers to lcd.o(i.WriteLCD_Cmd) for WriteLCD_Cmd
    gl.o(i.LCD_PutPixel) refers to lcd.o(i.ReadLCD_Data) for ReadLCD_Data
    gl.o(i.LCD_PutPixel) refers to lcd.o(i.WriteLCD_Data) for WriteLCD_Data
    gl.o(i.LCD_PutPixel) refers to lcd.o(.data) for CurrentMethod
    lcd.o(i.GetStatus) refers to lcd.o(i.Pause) for Pause
    lcd.o(i.GetStatus) refers to lcd.o(i.ReadLCD_Cmd) for ReadLCD_Cmd
    lcd.o(i.LCD_CLS) refers to lcd.o(i.SetCrystal) for SetCrystal
    lcd.o(i.LCD_CLS) refers to lcd.o(i.WaitStatus) for WaitStatus
    lcd.o(i.LCD_CLS) refers to lcd.o(i.WriteLCD_Cmd) for WriteLCD_Cmd
    lcd.o(i.LCD_CLS) refers to lcd.o(i.WriteLCD_Data) for WriteLCD_Data
    lcd.o(i.LCD_INIT) refers to lcd.o(i.InitPortLCD) for InitPortLCD
    lcd.o(i.LCD_INIT) refers to lcd.o(i.InitExtBus) for InitExtBus
    lcd.o(i.LCD_INIT) refers to lcd.o(i.ResetLCD) for ResetLCD
    lcd.o(i.LCD_INIT) refers to lcd.o(i.SetCrystal) for SetCrystal
    lcd.o(i.LCD_INIT) refers to lcd.o(i.WaitStatus) for WaitStatus
    lcd.o(i.LCD_INIT) refers to lcd.o(i.WriteLCD_Cmd) for WriteLCD_Cmd
    lcd.o(i.ReadLCD_Cmd) refers to lcd.o(i.Pause) for Pause
    lcd.o(i.ReadLCD_Cmd) refers to lcd.o(.constdata) for CrystalPorts
    lcd.o(i.ReadLCD_Cmd) refers to lcd.o(.data) for CurrentCrystal
    lcd.o(i.ReadLCD_Data) refers to lcd.o(i.Pause) for Pause
    lcd.o(i.ReadLCD_Data) refers to lcd.o(.constdata) for CrystalPorts
    lcd.o(i.ReadLCD_Data) refers to lcd.o(.data) for CurrentCrystal
    lcd.o(i.SetCrystal) refers to lcd.o(.data) for CurrentCrystal
    lcd.o(i.WaitStatus) refers to lcd.o(i.GetStatus) for GetStatus
    lcd.o(i.WriteLCD_Cmd) refers to lcd.o(i.Pause) for Pause
    lcd.o(i.WriteLCD_Cmd) refers to lcd.o(.constdata) for CrystalPorts
    lcd.o(i.WriteLCD_Cmd) refers to lcd.o(.data) for CurrentCrystal
    lcd.o(i.WriteLCD_Data) refers to lcd.o(i.Pause) for Pause
    lcd.o(i.WriteLCD_Data) refers to lcd.o(.constdata) for CrystalPorts
    lcd.o(i.WriteLCD_Data) refers to lcd.o(.data) for CurrentCrystal
    main.o(i.EmblemFunc) refers to lcd.o(i.LCD_CLS) for LCD_CLS
    main.o(i.EmblemFunc) refers to lcd.o(i.SetCrystal) for SetCrystal
    main.o(i.EmblemFunc) refers to lcd.o(i.WriteLCD_Cmd) for WriteLCD_Cmd
    main.o(i.EmblemFunc) refers to lcd.o(i.WriteLCD_Data) for WriteLCD_Data
    main.o(i.EmblemFunc) refers to main.o(.data) for Mil_Data
    main.o(i.main) refers to lcd.o(i.LCD_INIT) for LCD_INIT
    main.o(i.main) refers to main.o(i.EmblemFunc) for EmblemFunc
    text.o(i.LCD_PUTC) refers to text.o(i.LCD_PUT_BYTE) for LCD_PUT_BYTE
    text.o(i.LCD_PUTC) refers to text.o(.data) for CurrentFont
    text.o(i.LCD_PUTS) refers to text.o(i.LCD_PUTC) for LCD_PUTC
    text.o(i.LCD_PUTS) refers to text.o(.data) for CurrentFont
    text.o(i.LCD_PUTSL) refers to text.o(i.LCD_PUTC) for LCD_PUTC
    text.o(i.LCD_PUTSL) refers to text.o(.data) for CurrentFont
    text.o(i.LCD_PUTS_Ex) refers to text.o(i.LCD_PUTS) for LCD_PUTS
    text.o(i.LCD_PUTS_Ex) refers to systick.o(i.SysTickDelay) for SysTickDelay
    text.o(i.LCD_PUTS_Ex) refers to text.o(i.LCD_PUTC) for LCD_PUTC
    text.o(i.LCD_PUTS_Ex) refers to strlen.o(.text) for strlen
    text.o(i.LCD_PUTS_Ex) refers to lcd.o(.data) for CurrentMethod
    text.o(i.LCD_PUTS_Ex) refers to text.o(.data) for CurrentFont
    text.o(i.LCD_PUT_BYTE) refers to lcd.o(i.SetCrystal) for SetCrystal
    text.o(i.LCD_PUT_BYTE) refers to lcd.o(i.WriteLCD_Cmd) for WriteLCD_Cmd
    text.o(i.LCD_PUT_BYTE) refers to lcd.o(i.ReadLCD_Data) for ReadLCD_Data
    text.o(i.LCD_PUT_BYTE) refers to lcd.o(i.WriteLCD_Data) for WriteLCD_Data
    text.o(i.LCD_PUT_BYTE) refers to lcd.o(.data) for CurrentMethod
    text.o(.data) refers to font_6x8.o(.data) for Font_6x8
    systick.o(i.SysTickDelay) refers to systick.o(i.SysTickStart) for SysTickStart
    systick.o(i.SysTickDelay) refers to systick.o(i.SysTickStop) for SysTickStop
    systick.o(i.SysTickDelay) refers to systick.o(.data) for TimerCounter
    startup_mdr32f9qx.o(STACK) refers (Special) to heapauxi.o(.text) for __use_two_region_memory
    startup_mdr32f9qx.o(HEAP) refers (Special) to heapauxi.o(.text) for __use_two_region_memory
    startup_mdr32f9qx.o(RESET) refers (Special) to heapauxi.o(.text) for __use_two_region_memory
    startup_mdr32f9qx.o(RESET) refers to startup_mdr32f9qx.o(STACK) for __initial_sp
    startup_mdr32f9qx.o(RESET) refers to startup_mdr32f9qx.o(.text) for Reset_Handler
    startup_mdr32f9qx.o(.text) refers (Special) to heapauxi.o(.text) for __use_two_region_memory
    startup_mdr32f9qx.o(.text) refers to system_mdr32f9qx.o(i.SystemInit) for SystemInit
    startup_mdr32f9qx.o(.text) refers to __main.o(!!!main) for __main
    startup_mdr32f9qx.o(.text) refers to startup_mdr32f9qx.o(HEAP) for Heap_Mem
    startup_mdr32f9qx.o(.text) refers to startup_mdr32f9qx.o(STACK) for Stack_Mem
    system_mdr32f9qx.o(i.SystemCoreClockUpdate) refers to system_mdr32f9qx.o(.data) for SystemCoreClock
    system_mdr32f9qx.o(i.SystemInit) refers to system_mdr32f9qx.o(i.SystemCoreClockUpdate) for SystemCoreClockUpdate
    mdr32f9qx_rst_clk.o(i.RST_CLK_CPU_PLLstatus) refers to mdr32f9qx_rst_clk.o(i.RST_CLK_GetFlagStatus) for RST_CLK_GetFlagStatus
    mdr32f9qx_rst_clk.o(i.RST_CLK_DeInit) refers to mdr32f9qx_rst_clk.o(i.RST_CLK_WarmDeInit) for RST_CLK_WarmDeInit
    mdr32f9qx_rst_clk.o(i.RST_CLK_DeInit) refers to mdr32f9qx_rst_clk.o(i.RST_CLK_PCLKcmd) for RST_CLK_PCLKcmd
    mdr32f9qx_rst_clk.o(i.RST_CLK_HSEstatus) refers to mdr32f9qx_rst_clk.o(i.RST_CLK_GetFlagStatus) for RST_CLK_GetFlagStatus
    mdr32f9qx_rst_clk.o(i.RST_CLK_HSIstatus) refers to mdr32f9qx_rst_clk.o(i.RST_CLK_GetFlagStatus) for RST_CLK_GetFlagStatus
    mdr32f9qx_rst_clk.o(i.RST_CLK_LSEstatus) refers to mdr32f9qx_rst_clk.o(i.RST_CLK_GetFlagStatus) for RST_CLK_GetFlagStatus
    mdr32f9qx_rst_clk.o(i.RST_CLK_LSIstatus) refers to mdr32f9qx_rst_clk.o(i.RST_CLK_GetFlagStatus) for RST_CLK_GetFlagStatus
    mdr32f9qx_rst_clk.o(i.RST_CLK_USB_PLLstatus) refers to mdr32f9qx_rst_clk.o(i.RST_CLK_GetFlagStatus) for RST_CLK_GetFlagStatus
    mdr32f9qx_rst_clk.o(i.RST_CLK_WarmDeInit) refers to mdr32f9qx_rst_clk.o(i.RST_CLK_HSIcmd) for RST_CLK_HSIcmd
    mdr32f9qx_rst_clk.o(i.RST_CLK_WarmDeInit) refers to mdr32f9qx_rst_clk.o(i.RST_CLK_HSIstatus) for RST_CLK_HSIstatus
    mdr32f9qx_rst_clk.o(i.RST_CLK_WarmDeInit) refers to mdr32f9qx_rst_clk.o(i.RST_CLK_CPUclkSelection) for RST_CLK_CPUclkSelection
    __main.o(!!!main) refers to __rtentry.o(.ARM.Collect$$rtentry$$00000000) for __rt_entry
    __rtentry.o(.ARM.Collect$$rtentry$$00000000) refers (Special) to __rtentry2.o(.ARM.Collect$$rtentry$$0000000A) for __rt_entry_li
    __rtentry.o(.ARM.Collect$$rtentry$$00000000) refers (Special) to __rtentry2.o(.ARM.Collect$$rtentry$$0000000D) for __rt_entry_main
    __rtentry.o(.ARM.Collect$$rtentry$$00000000) refers (Special) to __rtentry2.o(.ARM.Collect$$rtentry$$0000000C) for __rt_entry_postli_1
    __rtentry.o(.ARM.Collect$$rtentry$$00000000) refers (Special) to __rtentry2.o(.ARM.Collect$$rtentry$$00000009) for __rt_entry_postsh_1
    __rtentry.o(.ARM.Collect$$rtentry$$00000000) refers (Special) to __rtentry2.o(.ARM.Collect$$rtentry$$00000002) for __rt_entry_presh_1
    __rtentry.o(.ARM.Collect$$rtentry$$00000000) refers (Special) to __rtentry4.o(.ARM.Collect$$rtentry$$00000004) for __rt_entry_sh
    __rtentry2.o(.ARM.Collect$$rtentry$$00000008) refers to boardinit2.o(.text) for _platform_post_stackheap_init
    __rtentry2.o(.ARM.Collect$$rtentry$$0000000A) refers to libinit.o(.ARM.Collect$$libinit$$00000000) for __rt_lib_init
    __rtentry2.o(.ARM.Collect$$rtentry$$0000000B) refers to boardinit3.o(.text) for _platform_post_lib_init
    __rtentry2.o(.ARM.Collect$$rtentry$$0000000D) refers to main.o(i.main) for main
    __rtentry2.o(.ARM.Collect$$rtentry$$0000000D) refers to exit.o(.text) for exit
    __rtentry2.o(.ARM.exidx) refers to __rtentry2.o(.ARM.Collect$$rtentry$$00000001) for .ARM.Collect$$rtentry$$00000001
    __rtentry2.o(.ARM.exidx) refers to __rtentry2.o(.ARM.Collect$$rtentry$$00000008) for .ARM.Collect$$rtentry$$00000008
    __rtentry2.o(.ARM.exidx) refers to __rtentry2.o(.ARM.Collect$$rtentry$$0000000A) for .ARM.Collect$$rtentry$$0000000A
    __rtentry2.o(.ARM.exidx) refers to __rtentry2.o(.ARM.Collect$$rtentry$$0000000B) for .ARM.Collect$$rtentry$$0000000B
    __rtentry2.o(.ARM.exidx) refers to __rtentry2.o(.ARM.Collect$$rtentry$$0000000D) for .ARM.Collect$$rtentry$$0000000D
    __rtentry4.o(.ARM.Collect$$rtentry$$00000004) refers to sys_stackheap_outer.o(.text) for __user_setup_stackheap
    __rtentry4.o(.ARM.exidx) refers to __rtentry4.o(.ARM.Collect$$rtentry$$00000004) for .ARM.Collect$$rtentry$$00000004
    sys_stackheap_outer.o(.text) refers to libspace.o(.text) for __user_perproc_libspace
    sys_stackheap_outer.o(.text) refers to startup_mdr32f9qx.o(.text) for __user_initial_stackheap
    exit.o(.text) refers to rtexit.o(.ARM.Collect$$rtexit$$00000000) for __rt_exit
    libinit.o(.ARM.Collect$$libinit$$00000000) refers (Special) to libinit2.o(.ARM.Collect$$libinit$$0000002E) for __rt_lib_init_alloca_1
    libinit.o(.ARM.Collect$$libinit$$00000000) refers (Special) to libinit2.o(.ARM.Collect$$libinit$$0000002C) for __rt_lib_init_argv_1
    libinit.o(.ARM.Collect$$libinit$$00000000) refers (Special) to libinit2.o(.ARM.Collect$$libinit$$0000001B) for __rt_lib_init_atexit_1
    libinit.o(.ARM.Collect$$libinit$$00000000) refers (Special) to libinit2.o(.ARM.Collect$$libinit$$00000021) for __rt_lib_init_clock_1
    libinit.o(.ARM.Collect$$libinit$$00000000) refers (Special) to libinit2.o(.ARM.Collect$$libinit$$00000032) for __rt_lib_init_cpp_1
    libinit.o(.ARM.Collect$$libinit$$00000000) refers (Special) to libinit2.o(.ARM.Collect$$libinit$$00000030) for __rt_lib_init_exceptions_1
    libinit.o(.ARM.Collect$$libinit$$00000000) refers (Special) to libinit2.o(.ARM.Collect$$libinit$$00000002) for __rt_lib_init_fp_1
    libinit.o(.ARM.Collect$$libinit$$00000000) refers (Special) to libinit2.o(.ARM.Collect$$libinit$$0000001F) for __rt_lib_init_fp_trap_1
    libinit.o(.ARM.Collect$$libinit$$00000000) refers (Special) to libinit2.o(.ARM.Collect$$libinit$$00000023) for __rt_lib_init_getenv_1
    libinit.o(.ARM.Collect$$libinit$$00000000) refers (Special) to libinit2.o(.ARM.Collect$$libinit$$0000000A) for __rt_lib_init_heap_1
    libinit.o(.ARM.Collect$$libinit$$00000000) refers (Special) to libinit2.o(.ARM.Collect$$libinit$$00000011) for __rt_lib_init_lc_collate_1
    libinit.o(.ARM.Collect$$libinit$$00000000) refers (Special) to libinit2.o(.ARM.Collect$$libinit$$00000013) for __rt_lib_init_lc_ctype_1
    libinit.o(.ARM.Collect$$libinit$$00000000) refers (Special) to libinit2.o(.ARM.Collect$$libinit$$00000015) for __rt_lib_init_lc_monetary_1
    libinit.o(.ARM.Collect$$libinit$$00000000) refers (Special) to libinit2.o(.ARM.Collect$$libinit$$00000017) for __rt_lib_init_lc_numeric_1
    libinit.o(.ARM.Collect$$libinit$$00000000) refers (Special) to libinit2.o(.ARM.Collect$$libinit$$00000019) for __rt_lib_init_lc_time_1
    libinit.o(.ARM.Collect$$libinit$$00000000) refers (Special) to libinit2.o(.ARM.Collect$$libinit$$00000004) for __rt_lib_init_preinit_1
    libinit.o(.ARM.Collect$$libinit$$00000000) refers (Special) to libinit2.o(.ARM.Collect$$libinit$$0000000E) for __rt_lib_init_rand_1
    libinit.o(.ARM.Collect$$libinit$$00000000) refers (Special) to libinit2.o(.ARM.Collect$$libinit$$00000033) for __rt_lib_init_return
    libinit.o(.ARM.Collect$$libinit$$00000000) refers (Special) to libinit2.o(.ARM.Collect$$libinit$$0000001D) for __rt_lib_init_signal_1
    libinit.o(.ARM.Collect$$libinit$$00000000) refers (Special) to libinit2.o(.ARM.Collect$$libinit$$00000025) for __rt_lib_init_stdio_1
    libinit.o(.ARM.Collect$$libinit$$00000000) refers (Special) to libinit2.o(.ARM.Collect$$libinit$$0000000C) for __rt_lib_init_user_alloc_1
    libspace.o(.text) refers to libspace.o(.bss) for __libspace_start
    rtexit.o(.ARM.Collect$$rtexit$$00000000) refers (Special) to rtexit2.o(.ARM.Collect$$rtexit$$00000004) for __rt_exit_exit
    rtexit.o(.ARM.Collect$$rtexit$$00000000) refers (Special) to rtexit2.o(.ARM.Collect$$rtexit$$00000003) for __rt_exit_ls
    rtexit.o(.ARM.Collect$$rtexit$$00000000) refers (Special) to rtexit2.o(.ARM.Collect$$rtexit$$00000002) for __rt_exit_prels_1
    rtexit.o(.ARM.exidx) refers (Special) to rtexit2.o(.ARM.Collect$$rtexit$$00000004) for __rt_exit_exit
    rtexit.o(.ARM.exidx) refers (Special) to rtexit2.o(.ARM.Collect$$rtexit$$00000003) for __rt_exit_ls
    rtexit.o(.ARM.exidx) refers (Special) to rtexit2.o(.ARM.Collect$$rtexit$$00000002) for __rt_exit_prels_1
    rtexit.o(.ARM.exidx) refers to rtexit.o(.ARM.Collect$$rtexit$$00000000) for .ARM.Collect$$rtexit$$00000000
    libinit2.o(.ARM.Collect$$libinit$$00000010) refers to libinit2.o(.ARM.Collect$$libinit$$0000000F) for .ARM.Collect$$libinit$$0000000F
    libinit2.o(.ARM.Collect$$libinit$$00000012) refers to libinit2.o(.ARM.Collect$$libinit$$0000000F) for .ARM.Collect$$libinit$$0000000F
    libinit2.o(.ARM.Collect$$libinit$$00000014) refers to libinit2.o(.ARM.Collect$$libinit$$0000000F) for .ARM.Collect$$libinit$$0000000F
    libinit2.o(.ARM.Collect$$libinit$$00000016) refers to libinit2.o(.ARM.Collect$$libinit$$0000000F) for .ARM.Collect$$libinit$$0000000F
    libinit2.o(.ARM.Collect$$libinit$$00000018) refers to libinit2.o(.ARM.Collect$$libinit$$0000000F) for .ARM.Collect$$libinit$$0000000F
    libinit2.o(.ARM.Collect$$libinit$$00000026) refers to argv_veneer.o(.emb_text) for __ARM_argv_veneer
    libinit2.o(.ARM.Collect$$libinit$$00000027) refers to argv_veneer.o(.emb_text) for __ARM_argv_veneer
    rtexit2.o(.ARM.Collect$$rtexit$$00000003) refers to libshutdown.o(.ARM.Collect$$libshutdown$$00000000) for __rt_lib_shutdown
    rtexit2.o(.ARM.Collect$$rtexit$$00000004) refers to sys_exit.o(.text) for _sys_exit
    rtexit2.o(.ARM.exidx) refers to rtexit2.o(.ARM.Collect$$rtexit$$00000001) for .ARM.Collect$$rtexit$$00000001
    rtexit2.o(.ARM.exidx) refers to rtexit2.o(.ARM.Collect$$rtexit$$00000003) for .ARM.Collect$$rtexit$$00000003
    rtexit2.o(.ARM.exidx) refers to rtexit2.o(.ARM.Collect$$rtexit$$00000004) for .ARM.Collect$$rtexit$$00000004
    argv_veneer.o(.emb_text) refers to no_argv.o(.text) for __ARM_get_argv
    sys_exit.o(.text) refers (Special) to use_no_semi.o(.text) for __I$use$semihosting
    sys_exit.o(.text) refers (Special) to indicate_semi.o(.text) for __semihosting_library_function
    _get_argv_nomalloc.o(.text) refers (Special) to hrguard.o(.text) for __heap_region$guard
    _get_argv_nomalloc.o(.text) refers to defsig_rtmem_outer.o(.text) for __rt_SIGRTMEM
    _get_argv_nomalloc.o(.text) refers to sys_command.o(.text) for _sys_command_string
    libshutdown.o(.ARM.Collect$$libshutdown$$00000000) refers (Special) to libshutdown2.o(.ARM.Collect$$libshutdown$$00000006) for __rt_lib_shutdown_fp_trap_1
    libshutdown.o(.ARM.Collect$$libshutdown$$00000000) refers (Special) to libshutdown2.o(.ARM.Collect$$libshutdown$$0000000E) for __rt_lib_shutdown_heap_1
    libshutdown.o(.ARM.Collect$$libshutdown$$00000000) refers (Special) to libshutdown2.o(.ARM.Collect$$libshutdown$$0000000F) for __rt_lib_shutdown_return
    libshutdown.o(.ARM.Collect$$libshutdown$$00000000) refers (Special) to libshutdown2.o(.ARM.Collect$$libshutdown$$00000009) for __rt_lib_shutdown_signal_1
    libshutdown.o(.ARM.Collect$$libshutdown$$00000000) refers (Special) to libshutdown2.o(.ARM.Collect$$libshutdown$$00000003) for __rt_lib_shutdown_stdio_1
    libshutdown.o(.ARM.Collect$$libshutdown$$00000000) refers (Special) to libshutdown2.o(.ARM.Collect$$libshutdown$$0000000B) for __rt_lib_shutdown_user_alloc_1
    sys_command.o(.text) refers (Special) to use_no_semi.o(.text) for __I$use$semihosting
    sys_command.o(.text) refers (Special) to indicate_semi.o(.text) for __semihosting_library_function
    defsig_rtmem_outer.o(.text) refers to defsig_rtmem_inner.o(.text) for __rt_SIGRTMEM_inner
    defsig_rtmem_outer.o(.text) refers to defsig_exit.o(.text) for __sig_exit
    defsig_rtmem_formal.o(.text) refers to rt_raise.o(.text) for __rt_raise
    rt_raise.o(.text) refers to __raise.o(.text) for __raise
    rt_raise.o(.text) refers to sys_exit.o(.text) for _sys_exit
    defsig_exit.o(.text) refers to sys_exit.o(.text) for _sys_exit
    defsig_rtmem_inner.o(.text) refers to defsig_general.o(.text) for __default_signal_display
    __raise.o(.text) refers to defsig.o(CL$$defsig) for __default_signal_handler
    defsig_general.o(.text) refers to sys_wrch.o(.text) for _ttywrch
    sys_wrch.o(.text) refers (Special) to use_no_semi.o(.text) for __I$use$semihosting
    sys_wrch.o(.text) refers (Special) to indicate_semi.o(.text) for __semihosting_library_function
    defsig.o(CL$$defsig) refers to defsig_rtmem_inner.o(.text) for __rt_SIGRTMEM_inner
    defsig_abrt_inner.o(.text) refers to defsig_general.o(.text) for __default_signal_display
    defsig_fpe_inner.o(.text) refers to defsig_general.o(.text) for __default_signal_display
    defsig_rtred_inner.o(.text) refers to defsig_general.o(.text) for __default_signal_display
    defsig_stak_inner.o(.text) refers to defsig_general.o(.text) for __default_signal_display
    defsig_pvfn_inner.o(.text) refers to defsig_general.o(.text) for __default_signal_display
    defsig_cppl_inner.o(.text) refers to defsig_general.o(.text) for __default_signal_display
    defsig_segv_inner.o(.text) refers to defsig_general.o(.text) for __default_signal_display
    defsig_other.o(.text) refers to defsig_general.o(.text) for __default_signal_display


==============================================================================

Removing Unused input sections from the image.

    Removing font_6x8.o(.data), (1552 bytes).
    Removing font_12x16.o(.data), (6160 bytes).
    Removing gl.o(i.LCD_Circle), (144 bytes).
    Removing gl.o(i.LCD_Line), (178 bytes).
    Removing gl.o(i.LCD_PutPixel), (136 bytes).
    Removing lcd.o(i.ReadLCD_Data), (48 bytes).
    Removing text.o(i.LCD_PUTC), (148 bytes).
    Removing text.o(i.LCD_PUTS), (52 bytes).
    Removing text.o(i.LCD_PUTSL), (52 bytes).
    Removing text.o(i.LCD_PUTS_Ex), (264 bytes).
    Removing text.o(i.LCD_PUT_BYTE), (428 bytes).
    Removing text.o(i.int2string), (52 bytes).
    Removing text.o(.data), (4 bytes).
    Removing systick.o(i.SysTickDelay), (36 bytes).
    Removing systick.o(i.SysTickStart), (16 bytes).
    Removing systick.o(i.SysTickStop), (18 bytes).
    Removing systick.o(.data), (4 bytes).
    Removing core_cm3.o(.emb_text), (32 bytes).
    Removing mdr32f9qx_port.o(i.PORT_DeInit), (20 bytes).
    Removing mdr32f9qx_port.o(i.PORT_Init), (456 bytes).
    Removing mdr32f9qx_port.o(i.PORT_ReadInputData), (6 bytes).
    Removing mdr32f9qx_port.o(i.PORT_ReadInputDataBit), (16 bytes).
    Removing mdr32f9qx_port.o(i.PORT_ResetBits), (28 bytes).
    Removing mdr32f9qx_port.o(i.PORT_SetBits), (28 bytes).
    Removing mdr32f9qx_port.o(i.PORT_StructInit), (28 bytes).
    Removing mdr32f9qx_port.o(i.PORT_Write), (24 bytes).
    Removing mdr32f9qx_port.o(i.PORT_WriteBit), (44 bytes).
    Removing mdr32f9qx_rst_clk.o(i.RST_CLK_ADCclkEnable), (12 bytes).
    Removing mdr32f9qx_rst_clk.o(i.RST_CLK_ADCclkPrescaler), (24 bytes).
    Removing mdr32f9qx_rst_clk.o(i.RST_CLK_ADCclkSelection), (20 bytes).
    Removing mdr32f9qx_rst_clk.o(i.RST_CLK_CPU_PLLcmd), (12 bytes).
    Removing mdr32f9qx_rst_clk.o(i.RST_CLK_CPU_PLLconfig), (64 bytes).
    Removing mdr32f9qx_rst_clk.o(i.RST_CLK_CPU_PLLstatus), (52 bytes).
    Removing mdr32f9qx_rst_clk.o(i.RST_CLK_CPU_PLLuse), (12 bytes).
    Removing mdr32f9qx_rst_clk.o(i.RST_CLK_CPUclkPrescaler), (24 bytes).
    Removing mdr32f9qx_rst_clk.o(i.RST_CLK_CPUclkSelection), (20 bytes).
    Removing mdr32f9qx_rst_clk.o(i.RST_CLK_DeInit), (44 bytes).
    Removing mdr32f9qx_rst_clk.o(i.RST_CLK_GetClocksFreq), (628 bytes).
    Removing mdr32f9qx_rst_clk.o(i.RST_CLK_GetFlagStatus), (52 bytes).
    Removing mdr32f9qx_rst_clk.o(i.RST_CLK_HSEclkPrescaler), (20 bytes).
    Removing mdr32f9qx_rst_clk.o(i.RST_CLK_HSEconfig), (60 bytes).
    Removing mdr32f9qx_rst_clk.o(i.RST_CLK_HSEstatus), (52 bytes).
    Removing mdr32f9qx_rst_clk.o(i.RST_CLK_HSIadjust), (24 bytes).
    Removing mdr32f9qx_rst_clk.o(i.RST_CLK_HSIclkPrescaler), (24 bytes).
    Removing mdr32f9qx_rst_clk.o(i.RST_CLK_HSIcmd), (12 bytes).
    Removing mdr32f9qx_rst_clk.o(i.RST_CLK_HSIstatus), (52 bytes).
    Removing mdr32f9qx_rst_clk.o(i.RST_CLK_LSEconfig), (60 bytes).
    Removing mdr32f9qx_rst_clk.o(i.RST_CLK_LSEstatus), (52 bytes).
    Removing mdr32f9qx_rst_clk.o(i.RST_CLK_LSIadjust), (24 bytes).
    Removing mdr32f9qx_rst_clk.o(i.RST_CLK_LSIcmd), (12 bytes).
    Removing mdr32f9qx_rst_clk.o(i.RST_CLK_LSIstatus), (52 bytes).
    Removing mdr32f9qx_rst_clk.o(i.RST_CLK_PCLKcmd), (32 bytes).
    Removing mdr32f9qx_rst_clk.o(i.RST_CLK_RTC_HSEclkEnable), (12 bytes).
    Removing mdr32f9qx_rst_clk.o(i.RST_CLK_RTC_HSIclkEnable), (12 bytes).
    Removing mdr32f9qx_rst_clk.o(i.RST_CLK_USB_PLLcmd), (12 bytes).
    Removing mdr32f9qx_rst_clk.o(i.RST_CLK_USB_PLLconfig), (64 bytes).
    Removing mdr32f9qx_rst_clk.o(i.RST_CLK_USB_PLLstatus), (52 bytes).
    Removing mdr32f9qx_rst_clk.o(i.RST_CLK_USB_PLLuse), (12 bytes).
    Removing mdr32f9qx_rst_clk.o(i.RST_CLK_USBclkEnable), (12 bytes).
    Removing mdr32f9qx_rst_clk.o(i.RST_CLK_USBclkPrescaler), (12 bytes).
    Removing mdr32f9qx_rst_clk.o(i.RST_CLK_WarmDeInit), (84 bytes).

61 unused section(s) (total 11686 bytes) removed from the image.

==============================================================================

Image Symbol Table

    Local Symbols

    Symbol Name                              Value     Ov Type        Size  Object(Section)

    ../clib/angel/boardlib.s                 0x00000000   Number         0  boardshut.o ABSOLUTE
    ../clib/angel/boardlib.s                 0x00000000   Number         0  boardinit3.o ABSOLUTE
    ../clib/angel/boardlib.s                 0x00000000   Number         0  boardinit1.o ABSOLUTE
    ../clib/angel/boardlib.s                 0x00000000   Number         0  boardinit2.o ABSOLUTE
    ../clib/angel/dclz77c.s                  0x00000000   Number         0  __dclz77c.o ABSOLUTE
    ../clib/angel/handlers.s                 0x00000000   Number         0  __scatter_zi.o ABSOLUTE
    ../clib/angel/kernel.s                   0x00000000   Number         0  rtexit2.o ABSOLUTE
    ../clib/angel/kernel.s                   0x00000000   Number         0  __rtentry.o ABSOLUTE
    ../clib/angel/kernel.s                   0x00000000   Number         0  rtexit.o ABSOLUTE
    ../clib/angel/kernel.s                   0x00000000   Number         0  __rtentry2.o ABSOLUTE
    ../clib/angel/kernel.s                   0x00000000   Number         0  __rtentry4.o ABSOLUTE
    ../clib/angel/rt.s                       0x00000000   Number         0  rt_raise.o ABSOLUTE
    ../clib/angel/scatter.s                  0x00000000   Number         0  __scatter.o ABSOLUTE
    ../clib/angel/startup.s                  0x00000000   Number         0  __main.o ABSOLUTE
    ../clib/angel/sys.s                      0x00000000   Number         0  libspace.o ABSOLUTE
    ../clib/angel/sys.s                      0x00000000   Number         0  indicate_semi.o ABSOLUTE
    ../clib/angel/sys.s                      0x00000000   Number         0  use_no_semi.o ABSOLUTE
    ../clib/angel/sys.s                      0x00000000   Number         0  sys_stackheap_outer.o ABSOLUTE
    ../clib/angel/sysapp.c                   0x00000000   Number         0  sys_command.o ABSOLUTE
    ../clib/angel/sysapp.c                   0x00000000   Number         0  sys_wrch.o ABSOLUTE
    ../clib/angel/sysapp.c                   0x00000000   Number         0  sys_exit.o ABSOLUTE
    ../clib/armsys.c                         0x00000000   Number         0  _get_argv_nomalloc.o ABSOLUTE
    ../clib/armsys.c                         0x00000000   Number         0  no_argv.o ABSOLUTE
    ../clib/armsys.c                         0x00000000   Number         0  argv_veneer.o ABSOLUTE
    ../clib/armsys.c                         0x00000000   Number         0  argv_veneer.o ABSOLUTE
    ../clib/heapalloc.c                      0x00000000   Number         0  hrguard.o ABSOLUTE
    ../clib/heapaux.c                        0x00000000   Number         0  heapauxi.o ABSOLUTE
    ../clib/libinit.s                        0x00000000   Number         0  libinit2.o ABSOLUTE
    ../clib/libinit.s                        0x00000000   Number         0  libinit.o ABSOLUTE
    ../clib/libinit.s                        0x00000000   Number         0  libshutdown.o ABSOLUTE
    ../clib/libinit.s                        0x00000000   Number         0  libshutdown2.o ABSOLUTE
    ../clib/signal.c                         0x00000000   Number         0  defsig_abrt_inner.o ABSOLUTE
    ../clib/signal.c                         0x00000000   Number         0  defsig_general.o ABSOLUTE
    ../clib/signal.c                         0x00000000   Number         0  defsig_segv_inner.o ABSOLUTE
    ../clib/signal.c                         0x00000000   Number         0  defsig_exit.o ABSOLUTE
    ../clib/signal.c                         0x00000000   Number         0  defsig_rtmem_formal.o ABSOLUTE
    ../clib/signal.c                         0x00000000   Number         0  defsig_rtmem_outer.o ABSOLUTE
    ../clib/signal.c                         0x00000000   Number         0  defsig_rtmem_inner.o ABSOLUTE
    ../clib/signal.c                         0x00000000   Number         0  __raise.o ABSOLUTE
    ../clib/signal.c                         0x00000000   Number         0  defsig_other.o ABSOLUTE
    ../clib/signal.c                         0x00000000   Number         0  defsig_cppl_inner.o ABSOLUTE
    ../clib/signal.c                         0x00000000   Number         0  defsig_pvfn_inner.o ABSOLUTE
    ../clib/signal.c                         0x00000000   Number         0  defsig_stak_inner.o ABSOLUTE
    ../clib/signal.c                         0x00000000   Number         0  defsig_rtred_inner.o ABSOLUTE
    ../clib/signal.c                         0x00000000   Number         0  defsig_fpe_inner.o ABSOLUTE
    ../clib/signal.s                         0x00000000   Number         0  defsig.o ABSOLUTE
    ../clib/stdlib.c                         0x00000000   Number         0  exit.o ABSOLUTE
    ../clib/string.c                         0x00000000   Number         0  strlen.o ABSOLUTE
    ../fplib/fpinit.s                        0x00000000   Number         0  fpinit.o ABSOLUTE
    C:\Keil_v5\ARM\PACK\Keil\MDR1986BExx\1.3.0\Libraries\CMSIS\CM3\CoreSupport\core_cm3.c 0x00000000   Number         0  core_cm3.o ABSOLUTE
    C:\Keil_v5\ARM\PACK\Keil\MDR1986BExx\1.3.0\Libraries\MDR32F9Qx_StdPeriph_Driver\src\MDR32F9Qx_port.c 0x00000000   Number         0  mdr32f9qx_port.o ABSOLUTE
    C:\Keil_v5\ARM\PACK\Keil\MDR1986BExx\1.3.0\Libraries\MDR32F9Qx_StdPeriph_Driver\src\MDR32F9Qx_rst_clk.c 0x00000000   Number         0  mdr32f9qx_rst_clk.o ABSOLUTE
    C:\\Keil_v5\\ARM\\PACK\\Keil\\MDR1986BExx\\1.3.0\\Libraries\\CMSIS\\CM3\\CoreSupport\\core_cm3.c 0x00000000   Number         0  core_cm3.o ABSOLUTE
    RTE\Device\MDR1986BE91\startup_MDR32F9Qx.s 0x00000000   Number         0  startup_mdr32f9qx.o ABSOLUTE
    RTE\Device\MDR1986BE91\system_MDR32F9Qx.c 0x00000000   Number         0  system_mdr32f9qx.o ABSOLUTE
    dc.s                                     0x00000000   Number         0  dc.o ABSOLUTE
    user\Font_12x16.c                        0x00000000   Number         0  font_12x16.o ABSOLUTE
    user\Font_6x8.c                          0x00000000   Number         0  font_6x8.o ABSOLUTE
    user\Main.c                              0x00000000   Number         0  main.o ABSOLUTE
    user\gl.c                                0x00000000   Number         0  gl.o ABSOLUTE
    user\lcd.c                               0x00000000   Number         0  lcd.o ABSOLUTE
    user\systick.c                           0x00000000   Number         0  systick.o ABSOLUTE
    user\text.c                              0x00000000   Number         0  text.o ABSOLUTE
    RESET                                    0x08000000   Section      192  startup_mdr32f9qx.o(RESET)
    !!!main                                  0x080000c0   Section        8  __main.o(!!!main)
    !!!scatter                               0x080000c8   Section       52  __scatter.o(!!!scatter)
    !!dclz77c                                0x080000fc   Section      100  __dclz77c.o(!!dclz77c)
    !!handler_zi                             0x08000160   Section       28  __scatter_zi.o(!!handler_zi)
    .ARM.Collect$$libinit$$00000000          0x0800017c   Section        2  libinit.o(.ARM.Collect$$libinit$$00000000)
    .ARM.Collect$$libinit$$00000002          0x0800017e   Section        0  libinit2.o(.ARM.Collect$$libinit$$00000002)
    .ARM.Collect$$libinit$$00000004          0x0800017e   Section        0  libinit2.o(.ARM.Collect$$libinit$$00000004)
    .ARM.Collect$$libinit$$0000000A          0x0800017e   Section        0  libinit2.o(.ARM.Collect$$libinit$$0000000A)
    .ARM.Collect$$libinit$$0000000C          0x0800017e   Section        0  libinit2.o(.ARM.Collect$$libinit$$0000000C)
    .ARM.Collect$$libinit$$0000000E          0x0800017e   Section        0  libinit2.o(.ARM.Collect$$libinit$$0000000E)
    .ARM.Collect$$libinit$$00000011          0x0800017e   Section        0  libinit2.o(.ARM.Collect$$libinit$$00000011)
    .ARM.Collect$$libinit$$00000013          0x0800017e   Section        0  libinit2.o(.ARM.Collect$$libinit$$00000013)
    .ARM.Collect$$libinit$$00000015          0x0800017e   Section        0  libinit2.o(.ARM.Collect$$libinit$$00000015)
    .ARM.Collect$$libinit$$00000017          0x0800017e   Section        0  libinit2.o(.ARM.Collect$$libinit$$00000017)
    .ARM.Collect$$libinit$$00000019          0x0800017e   Section        0  libinit2.o(.ARM.Collect$$libinit$$00000019)
    .ARM.Collect$$libinit$$0000001B          0x0800017e   Section        0  libinit2.o(.ARM.Collect$$libinit$$0000001B)
    .ARM.Collect$$libinit$$0000001D          0x0800017e   Section        0  libinit2.o(.ARM.Collect$$libinit$$0000001D)
    .ARM.Collect$$libinit$$0000001F          0x0800017e   Section        0  libinit2.o(.ARM.Collect$$libinit$$0000001F)
    .ARM.Collect$$libinit$$00000021          0x0800017e   Section        0  libinit2.o(.ARM.Collect$$libinit$$00000021)
    .ARM.Collect$$libinit$$00000023          0x0800017e   Section        0  libinit2.o(.ARM.Collect$$libinit$$00000023)
    .ARM.Collect$$libinit$$00000025          0x0800017e   Section        0  libinit2.o(.ARM.Collect$$libinit$$00000025)
    .ARM.Collect$$libinit$$0000002C          0x0800017e   Section        0  libinit2.o(.ARM.Collect$$libinit$$0000002C)
    .ARM.Collect$$libinit$$0000002E          0x0800017e   Section        0  libinit2.o(.ARM.Collect$$libinit$$0000002E)
    .ARM.Collect$$libinit$$00000030          0x0800017e   Section        0  libinit2.o(.ARM.Collect$$libinit$$00000030)
    .ARM.Collect$$libinit$$00000032          0x0800017e   Section        0  libinit2.o(.ARM.Collect$$libinit$$00000032)
    .ARM.Collect$$libinit$$00000033          0x0800017e   Section        2  libinit2.o(.ARM.Collect$$libinit$$00000033)
    .ARM.Collect$$libshutdown$$00000000      0x08000180   Section        2  libshutdown.o(.ARM.Collect$$libshutdown$$00000000)
    .ARM.Collect$$libshutdown$$00000003      0x08000182   Section        0  libshutdown2.o(.ARM.Collect$$libshutdown$$00000003)
    .ARM.Collect$$libshutdown$$00000006      0x08000182   Section        0  libshutdown2.o(.ARM.Collect$$libshutdown$$00000006)
    .ARM.Collect$$libshutdown$$00000009      0x08000182   Section        0  libshutdown2.o(.ARM.Collect$$libshutdown$$00000009)
    .ARM.Collect$$libshutdown$$0000000B      0x08000182   Section        0  libshutdown2.o(.ARM.Collect$$libshutdown$$0000000B)
    .ARM.Collect$$libshutdown$$0000000E      0x08000182   Section        0  libshutdown2.o(.ARM.Collect$$libshutdown$$0000000E)
    .ARM.Collect$$libshutdown$$0000000F      0x08000182   Section        2  libshutdown2.o(.ARM.Collect$$libshutdown$$0000000F)
    .ARM.Collect$$rtentry$$00000000          0x08000184   Section        0  __rtentry.o(.ARM.Collect$$rtentry$$00000000)
    .ARM.Collect$$rtentry$$00000002          0x08000184   Section        0  __rtentry2.o(.ARM.Collect$$rtentry$$00000002)
    .ARM.Collect$$rtentry$$00000004          0x08000184   Section        6  __rtentry4.o(.ARM.Collect$$rtentry$$00000004)
    .ARM.Collect$$rtentry$$00000009          0x0800018a   Section        0  __rtentry2.o(.ARM.Collect$$rtentry$$00000009)
    .ARM.Collect$$rtentry$$0000000A          0x0800018a   Section        4  __rtentry2.o(.ARM.Collect$$rtentry$$0000000A)
    .ARM.Collect$$rtentry$$0000000C          0x0800018e   Section        0  __rtentry2.o(.ARM.Collect$$rtentry$$0000000C)
    .ARM.Collect$$rtentry$$0000000D          0x0800018e   Section        8  __rtentry2.o(.ARM.Collect$$rtentry$$0000000D)
    .ARM.Collect$$rtexit$$00000000           0x08000196   Section        2  rtexit.o(.ARM.Collect$$rtexit$$00000000)
    .ARM.Collect$$rtexit$$00000002           0x08000198   Section        0  rtexit2.o(.ARM.Collect$$rtexit$$00000002)
    .ARM.Collect$$rtexit$$00000003           0x08000198   Section        4  rtexit2.o(.ARM.Collect$$rtexit$$00000003)
    .ARM.Collect$$rtexit$$00000004           0x0800019c   Section        6  rtexit2.o(.ARM.Collect$$rtexit$$00000004)
    .text                                    0x080001a4   Section       64  startup_mdr32f9qx.o(.text)
    .text                                    0x080001e4   Section        0  heapauxi.o(.text)
    .text                                    0x080001ea   Section       74  sys_stackheap_outer.o(.text)
    .text                                    0x08000234   Section        0  exit.o(.text)
    .text                                    0x08000240   Section        8  libspace.o(.text)
    .text                                    0x08000248   Section        0  sys_exit.o(.text)
    .text                                    0x08000254   Section        2  use_no_semi.o(.text)
    .text                                    0x08000256   Section        0  indicate_semi.o(.text)
    i.EmblemFunc                             0x08000258   Section        0  main.o(i.EmblemFunc)
    i.GetStatus                              0x080002e8   Section        0  lcd.o(i.GetStatus)
    GetStatus                                0x080002e9   Thumb Code    20  lcd.o(i.GetStatus)
    i.InitExtBus                             0x080002fc   Section        0  lcd.o(i.InitExtBus)
    i.InitPortLCD                            0x0800030c   Section        0  lcd.o(i.InitPortLCD)
    i.LCD_CLS                                0x0800035c   Section        0  lcd.o(i.LCD_CLS)
    i.LCD_INIT                               0x080003ac   Section        0  lcd.o(i.LCD_INIT)
    i.Pause                                  0x080003f0   Section        0  lcd.o(i.Pause)
    Pause                                    0x080003f1   Thumb Code    12  lcd.o(i.Pause)
    i.ReadLCD_Cmd                            0x080003fc   Section        0  lcd.o(i.ReadLCD_Cmd)
    i.ResetLCD                               0x0800041c   Section        0  lcd.o(i.ResetLCD)
    i.SetCrystal                             0x08000444   Section        0  lcd.o(i.SetCrystal)
    i.SystemCoreClockUpdate                  0x08000450   Section        0  system_mdr32f9qx.o(i.SystemCoreClockUpdate)
    i.SystemInit                             0x080004e0   Section        0  system_mdr32f9qx.o(i.SystemInit)
    i.WaitStatus                             0x08000520   Section        0  lcd.o(i.WaitStatus)
    WaitStatus                               0x08000521   Thumb Code    28  lcd.o(i.WaitStatus)
    i.WriteLCD_Cmd                           0x0800053c   Section        0  lcd.o(i.WriteLCD_Cmd)
    i.WriteLCD_Data                          0x0800055c   Section        0  lcd.o(i.WriteLCD_Data)
    i.main                                   0x0800057c   Section        0  main.o(i.main)
    .constdata                               0x080005ac   Section       16  lcd.o(.constdata)
    .data                                    0x20000000   Section        2  lcd.o(.data)
    .data                                    0x20000002   Section     1024  main.o(.data)
    Mil_Data                                 0x20000002   Data        1024  main.o(.data)
    .data                                    0x20000404   Section        4  system_mdr32f9qx.o(.data)
    .bss                                     0x20000408   Section       96  libspace.o(.bss)
    HEAP                                     0x20000468   Section      512  startup_mdr32f9qx.o(HEAP)
    Heap_Mem                                 0x20000468   Data         512  startup_mdr32f9qx.o(HEAP)
    STACK                                    0x20000668   Section     1024  startup_mdr32f9qx.o(STACK)
    Stack_Mem                                0x20000668   Data        1024  startup_mdr32f9qx.o(STACK)
    __initial_sp                             0x20000a68   Data           0  startup_mdr32f9qx.o(STACK)

    Global Symbols

    Symbol Name                              Value     Ov Type        Size  Object(Section)

    BuildAttributes$$THM_ISAv4$P$D$K$B$S$PE$A:L22UL41UL21$X:L11$S22US41US21$IEEE1$IW$USESV6$~STKCKD$USESV7$~SHL$OSPACE$ROPI$EBA8$UX$STANDARDLIB$REQ8$PRES8$EABIv2 0x00000000   Number         0  anon$$obj.o ABSOLUTE
    __ARM_use_no_argv                        0x00000000   Number         0  main.o ABSOLUTE
    __ARM_exceptions_init                     - Undefined Weak Reference
    __alloca_initialize                       - Undefined Weak Reference
    __arm_preinit_                            - Undefined Weak Reference
    __cpp_initialize__aeabi_                  - Undefined Weak Reference
    __cxa_finalize                            - Undefined Weak Reference
    __rt_locale                               - Undefined Weak Reference
    __sigvec_lookup                           - Undefined Weak Reference
    _atexit_init                              - Undefined Weak Reference
    _call_atexit_fns                          - Undefined Weak Reference
    _clock_init                               - Undefined Weak Reference
    _fp_trap_init                             - Undefined Weak Reference
    _fp_trap_shutdown                         - Undefined Weak Reference
    _get_lc_collate                           - Undefined Weak Reference
    _get_lc_ctype                             - Undefined Weak Reference
    _get_lc_monetary                          - Undefined Weak Reference
    _get_lc_numeric                           - Undefined Weak Reference
    _get_lc_time                              - Undefined Weak Reference
    _getenv_init                              - Undefined Weak Reference
    _handle_redirection                       - Undefined Weak Reference
    _init_alloc                               - Undefined Weak Reference
    _init_user_alloc                          - Undefined Weak Reference
    _initio                                   - Undefined Weak Reference
    _rand_init                                - Undefined Weak Reference
    _signal_finish                            - Undefined Weak Reference
    _signal_init                              - Undefined Weak Reference
    _terminate_alloc                          - Undefined Weak Reference
    _terminate_user_alloc                     - Undefined Weak Reference
    _terminateio                              - Undefined Weak Reference
    __Vectors_Size                           0x000000c0   Number         0  startup_mdr32f9qx.o ABSOLUTE
    __Vectors                                0x08000000   Data           4  startup_mdr32f9qx.o(RESET)
    __Vectors_End                            0x080000c0   Data           0  startup_mdr32f9qx.o(RESET)
    __main                                   0x080000c1   Thumb Code     8  __main.o(!!!main)
    __scatterload                            0x080000c9   Thumb Code     0  __scatter.o(!!!scatter)
    __scatterload_rt2                        0x080000c9   Thumb Code    44  __scatter.o(!!!scatter)
    __scatterload_rt2_thumb_only             0x080000c9   Thumb Code     0  __scatter.o(!!!scatter)
    __scatterload_null                       0x080000d7   Thumb Code     0  __scatter.o(!!!scatter)
    __decompress                             0x080000fd   Thumb Code   100  __dclz77c.o(!!dclz77c)
    __decompress2                            0x080000fd   Thumb Code     0  __dclz77c.o(!!dclz77c)
    __scatterload_zeroinit                   0x08000161   Thumb Code    28  __scatter_zi.o(!!handler_zi)
    __rt_lib_init                            0x0800017d   Thumb Code     0  libinit.o(.ARM.Collect$$libinit$$00000000)
    __rt_lib_init_alloca_1                   0x0800017f   Thumb Code     0  libinit2.o(.ARM.Collect$$libinit$$0000002E)
    __rt_lib_init_argv_1                     0x0800017f   Thumb Code     0  libinit2.o(.ARM.Collect$$libinit$$0000002C)
    __rt_lib_init_atexit_1                   0x0800017f   Thumb Code     0  libinit2.o(.ARM.Collect$$libinit$$0000001B)
    __rt_lib_init_clock_1                    0x0800017f   Thumb Code     0  libinit2.o(.ARM.Collect$$libinit$$00000021)
    __rt_lib_init_cpp_1                      0x0800017f   Thumb Code     0  libinit2.o(.ARM.Collect$$libinit$$00000032)
    __rt_lib_init_exceptions_1               0x0800017f   Thumb Code     0  libinit2.o(.ARM.Collect$$libinit$$00000030)
    __rt_lib_init_fp_1                       0x0800017f   Thumb Code     0  libinit2.o(.ARM.Collect$$libinit$$00000002)
    __rt_lib_init_fp_trap_1                  0x0800017f   Thumb Code     0  libinit2.o(.ARM.Collect$$libinit$$0000001F)
    __rt_lib_init_getenv_1                   0x0800017f   Thumb Code     0  libinit2.o(.ARM.Collect$$libinit$$00000023)
    __rt_lib_init_heap_1                     0x0800017f   Thumb Code     0  libinit2.o(.ARM.Collect$$libinit$$0000000A)
    __rt_lib_init_lc_collate_1               0x0800017f   Thumb Code     0  libinit2.o(.ARM.Collect$$libinit$$00000011)
    __rt_lib_init_lc_ctype_1                 0x0800017f   Thumb Code     0  libinit2.o(.ARM.Collect$$libinit$$00000013)
    __rt_lib_init_lc_monetary_1              0x0800017f   Thumb Code     0  libinit2.o(.ARM.Collect$$libinit$$00000015)
    __rt_lib_init_lc_numeric_1               0x0800017f   Thumb Code     0  libinit2.o(.ARM.Collect$$libinit$$00000017)
    __rt_lib_init_lc_time_1                  0x0800017f   Thumb Code     0  libinit2.o(.ARM.Collect$$libinit$$00000019)
    __rt_lib_init_preinit_1                  0x0800017f   Thumb Code     0  libinit2.o(.ARM.Collect$$libinit$$00000004)
    __rt_lib_init_rand_1                     0x0800017f   Thumb Code     0  libinit2.o(.ARM.Collect$$libinit$$0000000E)
    __rt_lib_init_return                     0x0800017f   Thumb Code     0  libinit2.o(.ARM.Collect$$libinit$$00000033)
    __rt_lib_init_signal_1                   0x0800017f   Thumb Code     0  libinit2.o(.ARM.Collect$$libinit$$0000001D)
    __rt_lib_init_stdio_1                    0x0800017f   Thumb Code     0  libinit2.o(.ARM.Collect$$libinit$$00000025)
    __rt_lib_init_user_alloc_1               0x0800017f   Thumb Code     0  libinit2.o(.ARM.Collect$$libinit$$0000000C)
    __rt_lib_shutdown                        0x08000181   Thumb Code     0  libshutdown.o(.ARM.Collect$$libshutdown$$00000000)
    __rt_lib_shutdown_fp_trap_1              0x08000183   Thumb Code     0  libshutdown2.o(.ARM.Collect$$libshutdown$$00000006)
    __rt_lib_shutdown_heap_1                 0x08000183   Thumb Code     0  libshutdown2.o(.ARM.Collect$$libshutdown$$0000000E)
    __rt_lib_shutdown_return                 0x08000183   Thumb Code     0  libshutdown2.o(.ARM.Collect$$libshutdown$$0000000F)
    __rt_lib_shutdown_signal_1               0x08000183   Thumb Code     0  libshutdown2.o(.ARM.Collect$$libshutdown$$00000009)
    __rt_lib_shutdown_stdio_1                0x08000183   Thumb Code     0  libshutdown2.o(.ARM.Collect$$libshutdown$$00000003)
    __rt_lib_shutdown_user_alloc_1           0x08000183   Thumb Code     0  libshutdown2.o(.ARM.Collect$$libshutdown$$0000000B)
    __rt_entry                               0x08000185   Thumb Code     0  __rtentry.o(.ARM.Collect$$rtentry$$00000000)
    __rt_entry_presh_1                       0x08000185   Thumb Code     0  __rtentry2.o(.ARM.Collect$$rtentry$$00000002)
    __rt_entry_sh                            0x08000185   Thumb Code     0  __rtentry4.o(.ARM.Collect$$rtentry$$00000004)
    __rt_entry_li                            0x0800018b   Thumb Code     0  __rtentry2.o(.ARM.Collect$$rtentry$$0000000A)
    __rt_entry_postsh_1                      0x0800018b   Thumb Code     0  __rtentry2.o(.ARM.Collect$$rtentry$$00000009)
    __rt_entry_main                          0x0800018f   Thumb Code     0  __rtentry2.o(.ARM.Collect$$rtentry$$0000000D)
    __rt_entry_postli_1                      0x0800018f   Thumb Code     0  __rtentry2.o(.ARM.Collect$$rtentry$$0000000C)
    __rt_exit                                0x08000197   Thumb Code     0  rtexit.o(.ARM.Collect$$rtexit$$00000000)
    __rt_exit_ls                             0x08000199   Thumb Code     0  rtexit2.o(.ARM.Collect$$rtexit$$00000003)
    __rt_exit_prels_1                        0x08000199   Thumb Code     0  rtexit2.o(.ARM.Collect$$rtexit$$00000002)
    __rt_exit_exit                           0x0800019d   Thumb Code     0  rtexit2.o(.ARM.Collect$$rtexit$$00000004)
    Reset_Handler                            0x080001a5   Thumb Code     8  startup_mdr32f9qx.o(.text)
    NMI_Handler                              0x080001ad   Thumb Code     2  startup_mdr32f9qx.o(.text)
    HardFault_Handler                        0x080001af   Thumb Code     2  startup_mdr32f9qx.o(.text)
    MemManage_Handler                        0x080001b1   Thumb Code     2  startup_mdr32f9qx.o(.text)
    BusFault_Handler                         0x080001b3   Thumb Code     2  startup_mdr32f9qx.o(.text)
    UsageFault_Handler                       0x080001b5   Thumb Code     2  startup_mdr32f9qx.o(.text)
    SVC_Handler                              0x080001b7   Thumb Code     2  startup_mdr32f9qx.o(.text)
    DebugMon_Handler                         0x080001b9   Thumb Code     2  startup_mdr32f9qx.o(.text)
    PendSV_Handler                           0x080001bb   Thumb Code     2  startup_mdr32f9qx.o(.text)
    SysTick_Handler                          0x080001bd   Thumb Code     2  startup_mdr32f9qx.o(.text)
    ADC_IRQHandler                           0x080001bf   Thumb Code     0  startup_mdr32f9qx.o(.text)
    BACKUP_IRQHandler                        0x080001bf   Thumb Code     0  startup_mdr32f9qx.o(.text)
    CAN1_IRQHandler                          0x080001bf   Thumb Code     0  startup_mdr32f9qx.o(.text)
    CAN2_IRQHandler                          0x080001bf   Thumb Code     0  startup_mdr32f9qx.o(.text)
    COMPARATOR_IRQHandler                    0x080001bf   Thumb Code     0  startup_mdr32f9qx.o(.text)
    DMA_IRQHandler                           0x080001bf   Thumb Code     0  startup_mdr32f9qx.o(.text)
    EXT_INT1_IRQHandler                      0x080001bf   Thumb Code     0  startup_mdr32f9qx.o(.text)
    EXT_INT2_IRQHandler                      0x080001bf   Thumb Code     0  startup_mdr32f9qx.o(.text)
    EXT_INT3_IRQHandler                      0x080001bf   Thumb Code     0  startup_mdr32f9qx.o(.text)
    EXT_INT4_IRQHandler                      0x080001bf   Thumb Code     0  startup_mdr32f9qx.o(.text)
    I2C_IRQHandler                           0x080001bf   Thumb Code     0  startup_mdr32f9qx.o(.text)
    POWER_IRQHandler                         0x080001bf   Thumb Code     0  startup_mdr32f9qx.o(.text)
    SSP1_IRQHandler                          0x080001bf   Thumb Code     0  startup_mdr32f9qx.o(.text)
    SSP2_IRQHandler                          0x080001bf   Thumb Code     0  startup_mdr32f9qx.o(.text)
    Timer1_IRQHandler                        0x080001bf   Thumb Code     0  startup_mdr32f9qx.o(.text)
    Timer2_IRQHandler                        0x080001bf   Thumb Code     0  startup_mdr32f9qx.o(.text)
    Timer3_IRQHandler                        0x080001bf   Thumb Code     0  startup_mdr32f9qx.o(.text)
    UART1_IRQHandler                         0x080001bf   Thumb Code     0  startup_mdr32f9qx.o(.text)
    UART2_IRQHandler                         0x080001bf   Thumb Code     0  startup_mdr32f9qx.o(.text)
    USB_IRQHandler                           0x080001bf   Thumb Code     0  startup_mdr32f9qx.o(.text)
    WWDG_IRQHandler                          0x080001bf   Thumb Code     0  startup_mdr32f9qx.o(.text)
    __user_initial_stackheap                 0x080001c1   Thumb Code     0  startup_mdr32f9qx.o(.text)
    __use_two_region_memory                  0x080001e5   Thumb Code     2  heapauxi.o(.text)
    __rt_heap_escrow$2region                 0x080001e7   Thumb Code     2  heapauxi.o(.text)
    __rt_heap_expand$2region                 0x080001e9   Thumb Code     2  heapauxi.o(.text)
    __user_setup_stackheap                   0x080001eb   Thumb Code    74  sys_stackheap_outer.o(.text)
    exit                                     0x08000235   Thumb Code    12  exit.o(.text)
    __user_libspace                          0x08000241   Thumb Code     8  libspace.o(.text)
    __user_perproc_libspace                  0x08000241   Thumb Code     0  libspace.o(.text)
    __user_perthread_libspace                0x08000241   Thumb Code     0  libspace.o(.text)
    _sys_exit                                0x08000249   Thumb Code     8  sys_exit.o(.text)
    __I$use$semihosting                      0x08000255   Thumb Code     0  use_no_semi.o(.text)
    __use_no_semihosting_swi                 0x08000255   Thumb Code     2  use_no_semi.o(.text)
    __semihosting_library_function           0x08000257   Thumb Code     0  indicate_semi.o(.text)
    EmblemFunc                               0x08000259   Thumb Code   138  main.o(i.EmblemFunc)
    InitExtBus                               0x080002fd   Thumb Code    10  lcd.o(i.InitExtBus)
    InitPortLCD                              0x0800030d   Thumb Code    54  lcd.o(i.InitPortLCD)
    LCD_CLS                                  0x0800035d   Thumb Code    78  lcd.o(i.LCD_CLS)
    LCD_INIT                                 0x080003ad   Thumb Code    64  lcd.o(i.LCD_INIT)
    ReadLCD_Cmd                              0x080003fd   Thumb Code    24  lcd.o(i.ReadLCD_Cmd)
    ResetLCD                                 0x0800041d   Thumb Code    36  lcd.o(i.ResetLCD)
    SetCrystal                               0x08000445   Thumb Code     6  lcd.o(i.SetCrystal)
    SystemCoreClockUpdate                    0x08000451   Thumb Code   130  system_mdr32f9qx.o(i.SystemCoreClockUpdate)
    SystemInit                               0x080004e1   Thumb Code    54  system_mdr32f9qx.o(i.SystemInit)
    WriteLCD_Cmd                             0x0800053d   Thumb Code    24  lcd.o(i.WriteLCD_Cmd)
    WriteLCD_Data                            0x0800055d   Thumb Code    22  lcd.o(i.WriteLCD_Data)
    main                                     0x0800057d   Thumb Code    32  main.o(i.main)
    CrystalPorts                             0x080005ac   Data          16  lcd.o(.constdata)
    Region$$Table$$Base                      0x080005bc   Number         0  anon$$obj.o(Region$$Table)
    Region$$Table$$Limit                     0x080005dc   Number         0  anon$$obj.o(Region$$Table)
    CurrentCrystal                           0x20000000   Data           1  lcd.o(.data)
    CurrentMethod                            0x20000001   Data           1  lcd.o(.data)
    SystemCoreClock                          0x20000404   Data           4  system_mdr32f9qx.o(.data)
    __libspace_start                         0x20000408   Data          96  libspace.o(.bss)
    __temporary_stack_top$libspace           0x20000468   Data           0  libspace.o(.bss)



==============================================================================

Memory Map of the image

  Image Entry point : 0x080001a5

  Load Region LR_1 (Base: 0x08000000, Size: 0x000009e4, Max: 0xffffffff, ABSOLUTE, COMPRESSED[0x000009c8])

    Execution Region ER_RO (Base: 0x08000000, Size: 0x000005dc, Max: 0xffffffff, ABSOLUTE)

    Base Addr    Size         Type   Attr      Idx    E Section Name        Object

    0x08000000   0x000000c0   Data   RO          355    RESET               startup_mdr32f9qx.o
    0x080000c0   0x00000008   Code   RO          683  * !!!main             c_w.l(__main.o)
    0x080000c8   0x00000034   Code   RO          841    !!!scatter          c_w.l(__scatter.o)
    0x080000fc   0x00000064   Code   RO          839    !!dclz77c           c_w.l(__dclz77c.o)
    0x08000160   0x0000001c   Code   RO          843    !!handler_zi        c_w.l(__scatter_zi.o)
    0x0800017c   0x00000002   Code   RO          710    .ARM.Collect$$libinit$$00000000  c_w.l(libinit.o)
    0x0800017e   0x00000000   Code   RO          717    .ARM.Collect$$libinit$$00000002  c_w.l(libinit2.o)
    0x0800017e   0x00000000   Code   RO          719    .ARM.Collect$$libinit$$00000004  c_w.l(libinit2.o)
    0x0800017e   0x00000000   Code   RO          722    .ARM.Collect$$libinit$$0000000A  c_w.l(libinit2.o)
    0x0800017e   0x00000000   Code   RO          724    .ARM.Collect$$libinit$$0000000C  c_w.l(libinit2.o)
    0x0800017e   0x00000000   Code   RO          726    .ARM.Collect$$libinit$$0000000E  c_w.l(libinit2.o)
    0x0800017e   0x00000000   Code   RO          729    .ARM.Collect$$libinit$$00000011  c_w.l(libinit2.o)
    0x0800017e   0x00000000   Code   RO          731    .ARM.Collect$$libinit$$00000013  c_w.l(libinit2.o)
    0x0800017e   0x00000000   Code   RO          733    .ARM.Collect$$libinit$$00000015  c_w.l(libinit2.o)
    0x0800017e   0x00000000   Code   RO          735    .ARM.Collect$$libinit$$00000017  c_w.l(libinit2.o)
    0x0800017e   0x00000000   Code   RO          737    .ARM.Collect$$libinit$$00000019  c_w.l(libinit2.o)
    0x0800017e   0x00000000   Code   RO          739    .ARM.Collect$$libinit$$0000001B  c_w.l(libinit2.o)
    0x0800017e   0x00000000   Code   RO          741    .ARM.Collect$$libinit$$0000001D  c_w.l(libinit2.o)
    0x0800017e   0x00000000   Code   RO          743    .ARM.Collect$$libinit$$0000001F  c_w.l(libinit2.o)
    0x0800017e   0x00000000   Code   RO          745    .ARM.Collect$$libinit$$00000021  c_w.l(libinit2.o)
    0x0800017e   0x00000000   Code   RO          747    .ARM.Collect$$libinit$$00000023  c_w.l(libinit2.o)
    0x0800017e   0x00000000   Code   RO          749    .ARM.Collect$$libinit$$00000025  c_w.l(libinit2.o)
    0x0800017e   0x00000000   Code   RO          753    .ARM.Collect$$libinit$$0000002C  c_w.l(libinit2.o)
    0x0800017e   0x00000000   Code   RO          755    .ARM.Collect$$libinit$$0000002E  c_w.l(libinit2.o)
    0x0800017e   0x00000000   Code   RO          757    .ARM.Collect$$libinit$$00000030  c_w.l(libinit2.o)
    0x0800017e   0x00000000   Code   RO          759    .ARM.Collect$$libinit$$00000032  c_w.l(libinit2.o)
    0x0800017e   0x00000002   Code   RO          760    .ARM.Collect$$libinit$$00000033  c_w.l(libinit2.o)
    0x08000180   0x00000002   Code   RO          780    .ARM.Collect$$libshutdown$$00000000  c_w.l(libshutdown.o)
    0x08000182   0x00000000   Code   RO          794    .ARM.Collect$$libshutdown$$00000003  c_w.l(libshutdown2.o)
    0x08000182   0x00000000   Code   RO          797    .ARM.Collect$$libshutdown$$00000006  c_w.l(libshutdown2.o)
    0x08000182   0x00000000   Code   RO          800    .ARM.Collect$$libshutdown$$00000009  c_w.l(libshutdown2.o)
    0x08000182   0x00000000   Code   RO          802    .ARM.Collect$$libshutdown$$0000000B  c_w.l(libshutdown2.o)
    0x08000182   0x00000000   Code   RO          805    .ARM.Collect$$libshutdown$$0000000E  c_w.l(libshutdown2.o)
    0x08000182   0x00000002   Code   RO          806    .ARM.Collect$$libshutdown$$0000000F  c_w.l(libshutdown2.o)
    0x08000184   0x00000000   Code   RO          685    .ARM.Collect$$rtentry$$00000000  c_w.l(__rtentry.o)
    0x08000184   0x00000000   Code   RO          687    .ARM.Collect$$rtentry$$00000002  c_w.l(__rtentry2.o)
    0x08000184   0x00000006   Code   RO          699    .ARM.Collect$$rtentry$$00000004  c_w.l(__rtentry4.o)
    0x0800018a   0x00000000   Code   RO          689    .ARM.Collect$$rtentry$$00000009  c_w.l(__rtentry2.o)
    0x0800018a   0x00000004   Code   RO          690    .ARM.Collect$$rtentry$$0000000A  c_w.l(__rtentry2.o)
    0x0800018e   0x00000000   Code   RO          692    .ARM.Collect$$rtentry$$0000000C  c_w.l(__rtentry2.o)
    0x0800018e   0x00000008   Code   RO          693    .ARM.Collect$$rtentry$$0000000D  c_w.l(__rtentry2.o)
    0x08000196   0x00000002   Code   RO          714    .ARM.Collect$$rtexit$$00000000  c_w.l(rtexit.o)
    0x08000198   0x00000000   Code   RO          762    .ARM.Collect$$rtexit$$00000002  c_w.l(rtexit2.o)
    0x08000198   0x00000004   Code   RO          763    .ARM.Collect$$rtexit$$00000003  c_w.l(rtexit2.o)
    0x0800019c   0x00000006   Code   RO          764    .ARM.Collect$$rtexit$$00000004  c_w.l(rtexit2.o)
    0x080001a2   0x00000002   PAD
    0x080001a4   0x00000040   Code   RO          356  * .text               startup_mdr32f9qx.o
    0x080001e4   0x00000006   Code   RO          681    .text               c_w.l(heapauxi.o)
    0x080001ea   0x0000004a   Code   RO          701    .text               c_w.l(sys_stackheap_outer.o)
    0x08000234   0x0000000c   Code   RO          703    .text               c_w.l(exit.o)
    0x08000240   0x00000008   Code   RO          711    .text               c_w.l(libspace.o)
    0x08000248   0x0000000c   Code   RO          772    .text               c_w.l(sys_exit.o)
    0x08000254   0x00000002   Code   RO          783    .text               c_w.l(use_no_semi.o)
    0x08000256   0x00000000   Code   RO          785    .text               c_w.l(indicate_semi.o)
    0x08000256   0x00000002   PAD
    0x08000258   0x00000090   Code   RO          217    i.EmblemFunc        main.o
    0x080002e8   0x00000014   Code   RO          129    i.GetStatus         lcd.o
    0x080002fc   0x00000010   Code   RO          130    i.InitExtBus        lcd.o
    0x0800030c   0x00000050   Code   RO          131    i.InitPortLCD       lcd.o
    0x0800035c   0x0000004e   Code   RO          132    i.LCD_CLS           lcd.o
    0x080003aa   0x00000002   PAD
    0x080003ac   0x00000044   Code   RO          133    i.LCD_INIT          lcd.o
    0x080003f0   0x0000000c   Code   RO          134    i.Pause             lcd.o
    0x080003fc   0x00000020   Code   RO          135    i.ReadLCD_Cmd       lcd.o
    0x0800041c   0x00000028   Code   RO          137    i.ResetLCD          lcd.o
    0x08000444   0x0000000c   Code   RO          138    i.SetCrystal        lcd.o
    0x08000450   0x00000090   Code   RO          360    i.SystemCoreClockUpdate  system_mdr32f9qx.o
    0x080004e0   0x00000040   Code   RO          361    i.SystemInit        system_mdr32f9qx.o
    0x08000520   0x0000001c   Code   RO          139    i.WaitStatus        lcd.o
    0x0800053c   0x00000020   Code   RO          140    i.WriteLCD_Cmd      lcd.o
    0x0800055c   0x00000020   Code   RO          141    i.WriteLCD_Data     lcd.o
    0x0800057c   0x00000030   Code   RO          218    i.main              main.o
    0x080005ac   0x00000010   Data   RO          142    .constdata          lcd.o
    0x080005bc   0x00000020   Data   RO          837    Region$$Table       anon$$obj.o


    Execution Region ER_RW (Base: 0x20000000, Size: 0x00000408, Max: 0xffffffff, ABSOLUTE, COMPRESSED[0x000003ec])

    Base Addr    Size         Type   Attr      Idx    E Section Name        Object

    0x20000000   0x00000002   Data   RW          143    .data               lcd.o
    0x20000002   0x00000400   Data   RW          219    .data               main.o
    0x20000402   0x00000002   PAD
    0x20000404   0x00000004   Data   RW          362    .data               system_mdr32f9qx.o


    Execution Region ER_ZI (Base: 0x20000408, Size: 0x00000660, Max: 0xffffffff, ABSOLUTE)

    Base Addr    Size         Type   Attr      Idx    E Section Name        Object

    0x20000408   0x00000060   Zero   RW          712    .bss                c_w.l(libspace.o)
    0x20000468   0x00000200   Zero   RW          354    HEAP                startup_mdr32f9qx.o
    0x20000668   0x00000400   Zero   RW          353    STACK               startup_mdr32f9qx.o


==============================================================================

Image component sizes


      Code (inc. data)   RO Data    RW Data    ZI Data      Debug   Object Name

         0          0          0          0          0       3092   core_cm3.o
         0          0          0          0          0       2152   font_6x8.o
       450         72         16          2          0       6513   lcd.o
       192         22          0       1024          0       1908   main.o
        64         26        192          0       1536        796   startup_mdr32f9qx.o
       208         24          0          4          0       1347   system_mdr32f9qx.o

    ----------------------------------------------------------------------
       916        144        240       1032       1536      15808   Object Totals
         0          0         32          0          0          0   (incl. Generated)
         2          0          0          2          0          0   (incl. Padding)

    ----------------------------------------------------------------------

      Code (inc. data)   RO Data    RW Data    ZI Data      Debug   Library Member Name

       100          0          0          0          0          0   __dclz77c.o
         8          0          0          0          0         68   __main.o
         0          0          0          0          0          0   __rtentry.o
        12          0          0          0          0          0   __rtentry2.o
         6          0          0          0          0          0   __rtentry4.o
        52          8          0          0          0          0   __scatter.o
        28          0          0          0          0          0   __scatter_zi.o
        12          0          0          0          0         72   exit.o
         6          0          0          0          0        152   heapauxi.o
         0          0          0          0          0          0   indicate_semi.o
         2          0          0          0          0          0   libinit.o
         2          0          0          0          0          0   libinit2.o
         2          0          0          0          0          0   libshutdown.o
         2          0          0          0          0          0   libshutdown2.o
         8          4          0          0         96         68   libspace.o
         2          0          0          0          0          0   rtexit.o
        10          0          0          0          0          0   rtexit2.o
        12          4          0          0          0         68   sys_exit.o
        74          0          0          0          0         80   sys_stackheap_outer.o
         2          0          0          0          0         68   use_no_semi.o

    ----------------------------------------------------------------------
       344         16          0          0         96        576   Library Totals
         4          0          0          0          0          0   (incl. Padding)

    ----------------------------------------------------------------------

      Code (inc. data)   RO Data    RW Data    ZI Data      Debug   Library Name

       340         16          0          0         96        576   c_w.l

    ----------------------------------------------------------------------
       344         16          0          0         96        576   Library Totals

    ----------------------------------------------------------------------

==============================================================================


      Code (inc. data)   RO Data    RW Data    ZI Data      Debug   

      1260        160        240       1032       1632      15548   Grand Totals
      1260        160        240       1004       1632      15548   ELF Image Totals (compressed)
      1260        160        240       1004          0          0   ROM Totals

==============================================================================

    Total RO  Size (Code + RO Data)                 1500 (   1.46kB)
    Total RW  Size (RW Data + ZI Data)              2664 (   2.60kB)
    Total ROM Size (Code + RO Data + RW Data)       2504 (   2.45kB)

==============================================================================

